[18:34:56] === Orchestration started ===
[18:34:56] [RU] Waiting for in-flight process PID 4848...
[18:34:56] [BIL] Waiting for in-flight process PID 4892...
[22:30:19] [RU] PID 4848 finished.
[22:30:19] [RU] Checking epoch...
[22:30:20] [RU] epoch check failed: 
The `@app.function` decorator must apply to functions in global scope,
unless `serialized=True` is set.
If trying to apply additional decorators, they may need to use `functools.wraps`.
. Retrying in 60s...
[22:30:29] [BIL] PID 4892 finished.
[22:30:29] [BIL] Checking epoch...
[22:30:29] [BIL] epoch check failed: 
The `@app.function` decorator must apply to functions in global scope,
unless `serialized=True` is set.
If trying to apply additional decorators, they may need to use `functools.wraps`.
. Retrying in 60s...
[22:31:20] [RU] Checking epoch...
[22:31:20] [RU] epoch check failed: 
The `@app.function` decorator must apply to functions in global scope,
unless `serialized=True` is set.
If trying to apply additional decorators, they may need to use `functools.wraps`.
. Retrying in 60s...
[22:31:29] [BIL] Checking epoch...
[22:31:29] [BIL] epoch check failed: 
The `@app.function` decorator must apply to functions in global scope,
unless `serialized=True` is set.
If trying to apply additional decorators, they may need to use `functools.wraps`.
. Retrying in 60s...
[22:32:20] [RU] Checking epoch...
[22:32:20] [RU] epoch check failed: 
The `@app.function` decorator must apply to functions in global scope,
unless `serialized=True` is set.
If trying to apply additional decorators, they may need to use `functools.wraps`.
. Retrying in 60s...
[22:32:30] [BIL] Checking epoch...
[22:32:30] [BIL] epoch check failed: 
The `@app.function` decorator must apply to functions in global scope,
unless `serialized=True` is set.
If trying to apply additional decorators, they may need to use `functools.wraps`.
. Retrying in 60s...
[22:33:20] [RU] Checking epoch...
[22:33:20] [RU] epoch check failed: 
The `@app.function` decorator must apply to functions in global scope,
unless `serialized=True` is set.
If trying to apply additional decorators, they may need to use `functools.wraps`.
. Retrying in 60s...
[22:33:30] [BIL] Checking epoch...
[22:33:30] [BIL] epoch check failed: 
The `@app.function` decorator must apply to functions in global scope,
unless `serialized=True` is set.
If trying to apply additional decorators, they may need to use `functools.wraps`.
. Retrying in 60s...
[22:34:20] [RU] Checking epoch...
[22:34:20] [RU] epoch check failed: 
The `@app.function` decorator must apply to functions in global scope,
unless `serialized=True` is set.
If trying to apply additional decorators, they may need to use `functools.wraps`.
. Retrying in 60s...
[22:34:30] [BIL] Checking epoch...
[22:34:30] [BIL] epoch check failed: 
The `@app.function` decorator must apply to functions in global scope,
unless `serialized=True` is set.
If trying to apply additional decorators, they may need to use `functools.wraps`.
. Retrying in 60s...
[22:35:21] [RU] Checking epoch...
[22:35:21] [RU] epoch check failed: 
The `@app.function` decorator must apply to functions in global scope,
unless `serialized=True` is set.
If trying to apply additional decorators, they may need to use `functools.wraps`.
. Retrying in 60s...
[22:35:30] [BIL] Checking epoch...
[22:35:30] [BIL] epoch check failed: 
The `@app.function` decorator must apply to functions in global scope,
unless `serialized=True` is set.
If trying to apply additional decorators, they may need to use `functools.wraps`.
. Retrying in 60s...
[22:36:21] [RU] Checking epoch...
[22:36:21] [RU] epoch check failed: 
The `@app.function` decorator must apply to functions in global scope,
unless `serialized=True` is set.
If trying to apply additional decorators, they may need to use `functools.wraps`.
. Retrying in 60s...
[22:36:30] [BIL] Checking epoch...
[22:36:30] [BIL] epoch check failed: 
The `@app.function` decorator must apply to functions in global scope,
unless `serialized=True` is set.
If trying to apply additional decorators, they may need to use `functools.wraps`.
. Retrying in 60s...
[22:37:21] [RU] Checking epoch...
[22:37:21] [RU] epoch check failed: 
The `@app.function` decorator must apply to functions in global scope,
unless `serialized=True` is set.
If trying to apply additional decorators, they may need to use `functools.wraps`.
. Retrying in 60s...
[22:37:30] [BIL] Checking epoch...
[22:37:30] [BIL] epoch check failed: 
The `@app.function` decorator must apply to functions in global scope,
unless `serialized=True` is set.
If trying to apply additional decorators, they may need to use `functools.wraps`.
. Retrying in 60s...
[22:38:21] [RU] Checking epoch...
[22:38:21] [RU] epoch check failed: 
The `@app.function` decorator must apply to functions in global scope,
unless `serialized=True` is set.
If trying to apply additional decorators, they may need to use `functools.wraps`.
. Retrying in 60s...
[22:38:30] [BIL] Checking epoch...
[22:38:30] [BIL] epoch check failed: 
The `@app.function` decorator must apply to functions in global scope,
unless `serialized=True` is set.
If trying to apply additional decorators, they may need to use `functools.wraps`.
. Retrying in 60s...
[22:39:21] [RU] Checking epoch...
[22:39:21] [RU] epoch check failed: 
The `@app.function` decorator must apply to functions in global scope,
unless `serialized=True` is set.
If trying to apply additional decorators, they may need to use `functools.wraps`.
. Retrying in 60s...
[22:39:30] [BIL] Checking epoch...
[22:39:30] [BIL] epoch check failed: 
The `@app.function` decorator must apply to functions in global scope,
unless `serialized=True` is set.
If trying to apply additional decorators, they may need to use `functools.wraps`.
. Retrying in 60s...
[22:40:21] [RU] Checking epoch...
[22:40:21] [RU] epoch check failed: 
The `@app.function` decorator must apply to functions in global scope,
unless `serialized=True` is set.
If trying to apply additional decorators, they may need to use `functools.wraps`.
. Retrying in 60s...
[22:40:30] [BIL] Checking epoch...
[22:40:30] [BIL] epoch check failed: 
The `@app.function` decorator must apply to functions in global scope,
unless `serialized=True` is set.
If trying to apply additional decorators, they may need to use `functools.wraps`.
. Retrying in 60s...
[22:41:21] [RU] Checking epoch...
[22:41:21] [RU] epoch check failed: 
The `@app.function` decorator must apply to functions in global scope,
unless `serialized=True` is set.
If trying to apply additional decorators, they may need to use `functools.wraps`.
. Retrying in 60s...
[22:41:30] [BIL] Checking epoch...
[22:41:30] [BIL] epoch check failed: 
The `@app.function` decorator must apply to functions in global scope,
unless `serialized=True` is set.
If trying to apply additional decorators, they may need to use `functools.wraps`.
. Retrying in 60s...
[22:42:21] [RU] Checking epoch...
[22:42:21] [RU] epoch check failed: 
The `@app.function` decorator must apply to functions in global scope,
unless `serialized=True` is set.
If trying to apply additional decorators, they may need to use `functools.wraps`.
. Retrying in 60s...
[22:42:30] [BIL] Checking epoch...
[22:42:30] [BIL] epoch check failed: 
The `@app.function` decorator must apply to functions in global scope,
unless `serialized=True` is set.
If trying to apply additional decorators, they may need to use `functools.wraps`.
. Retrying in 60s...
[22:43:21] [RU] Checking epoch...
[22:43:21] [RU] epoch check failed: 
The `@app.function` decorator must apply to functions in global scope,
unless `serialized=True` is set.
If trying to apply additional decorators, they may need to use `functools.wraps`.
. Retrying in 60s...
[22:43:30] [BIL] Checking epoch...
[22:43:30] [BIL] epoch check failed: 
The `@app.function` decorator must apply to functions in global scope,
unless `serialized=True` is set.
If trying to apply additional decorators, they may need to use `functools.wraps`.
. Retrying in 60s...
[22:44:21] [RU] Checking epoch...
[22:44:21] [RU] epoch check failed: 
The `@app.function` decorator must apply to functions in global scope,
unless `serialized=True` is set.
If trying to apply additional decorators, they may need to use `functools.wraps`.
. Retrying in 60s...
[22:44:30] [BIL] Checking epoch...
[22:44:30] [BIL] epoch check failed: 
The `@app.function` decorator must apply to functions in global scope,
unless `serialized=True` is set.
If trying to apply additional decorators, they may need to use `functools.wraps`.
. Retrying in 60s...
[22:45:21] [RU] Checking epoch...
[22:45:21] [RU] epoch check failed: 
The `@app.function` decorator must apply to functions in global scope,
unless `serialized=True` is set.
If trying to apply additional decorators, they may need to use `functools.wraps`.
. Retrying in 60s...
[22:45:30] [BIL] Checking epoch...
[22:45:30] [BIL] epoch check failed: 
The `@app.function` decorator must apply to functions in global scope,
unless `serialized=True` is set.
If trying to apply additional decorators, they may need to use `functools.wraps`.
. Retrying in 60s...
[22:46:21] [RU] Checking epoch...
[22:46:21] [RU] epoch check failed: 
The `@app.function` decorator must apply to functions in global scope,
unless `serialized=True` is set.
If trying to apply additional decorators, they may need to use `functools.wraps`.
. Retrying in 60s...
[22:46:30] [BIL] Checking epoch...
[22:46:30] [BIL] epoch check failed: 
The `@app.function` decorator must apply to functions in global scope,
unless `serialized=True` is set.
If trying to apply additional decorators, they may need to use `functools.wraps`.
. Retrying in 60s...
[22:47:21] [RU] Checking epoch...
[22:47:21] [RU] epoch check failed: 
The `@app.function` decorator must apply to functions in global scope,
unless `serialized=True` is set.
If trying to apply additional decorators, they may need to use `functools.wraps`.
. Retrying in 60s...
[22:47:30] [BIL] Checking epoch...
[22:47:30] [BIL] epoch check failed: 
The `@app.function` decorator must apply to functions in global scope,
unless `serialized=True` is set.
If trying to apply additional decorators, they may need to use `functools.wraps`.
. Retrying in 60s...
[22:48:21] [RU] Checking epoch...
[22:48:21] [RU] epoch check failed: 
The `@app.function` decorator must apply to functions in global scope,
unless `serialized=True` is set.
If trying to apply additional decorators, they may need to use `functools.wraps`.
. Retrying in 60s...
[22:48:30] [BIL] Checking epoch...
[22:48:30] [BIL] epoch check failed: 
The `@app.function` decorator must apply to functions in global scope,
unless `serialized=True` is set.
If trying to apply additional decorators, they may need to use `functools.wraps`.
. Retrying in 60s...
[22:49:21] [RU] Checking epoch...
[22:49:21] [RU] epoch check failed: 
The `@app.function` decorator must apply to functions in global scope,
unless `serialized=True` is set.
If trying to apply additional decorators, they may need to use `functools.wraps`.
. Retrying in 60s...
[22:49:30] [BIL] Checking epoch...
[22:49:30] [BIL] epoch check failed: 
The `@app.function` decorator must apply to functions in global scope,
unless `serialized=True` is set.
If trying to apply additional decorators, they may need to use `functools.wraps`.
. Retrying in 60s...
[22:50:21] [RU] Checking epoch...
[22:50:21] [RU] epoch check failed: 
The `@app.function` decorator must apply to functions in global scope,
unless `serialized=True` is set.
If trying to apply additional decorators, they may need to use `functools.wraps`.
. Retrying in 60s...
[22:50:30] [BIL] Checking epoch...
[22:50:30] [BIL] epoch check failed: 
The `@app.function` decorator must apply to functions in global scope,
unless `serialized=True` is set.
If trying to apply additional decorators, they may need to use `functools.wraps`.
. Retrying in 60s...
[22:51:21] [RU] Checking epoch...
[22:51:21] [RU] epoch check failed: 
The `@app.function` decorator must apply to functions in global scope,
unless `serialized=True` is set.
If trying to apply additional decorators, they may need to use `functools.wraps`.
. Retrying in 60s...
[22:51:31] [BIL] Checking epoch...
[22:51:31] [BIL] epoch check failed: 
The `@app.function` decorator must apply to functions in global scope,
unless `serialized=True` is set.
If trying to apply additional decorators, they may need to use `functools.wraps`.
. Retrying in 60s...
[22:52:21] [RU] Checking epoch...
[22:52:21] [RU] epoch check failed: 
The `@app.function` decorator must apply to functions in global scope,
unless `serialized=True` is set.
If trying to apply additional decorators, they may need to use `functools.wraps`.
. Retrying in 60s...
[22:52:31] [BIL] Checking epoch...
[22:52:31] [BIL] epoch check failed: 
The `@app.function` decorator must apply to functions in global scope,
unless `serialized=True` is set.
If trying to apply additional decorators, they may need to use `functools.wraps`.
. Retrying in 60s...
[22:53:21] [RU] Checking epoch...
[22:53:21] [RU] epoch check failed: 
The `@app.function` decorator must apply to functions in global scope,
unless `serialized=True` is set.
If trying to apply additional decorators, they may need to use `functools.wraps`.
. Retrying in 60s...
[22:53:31] [BIL] Checking epoch...
[22:53:31] [BIL] epoch check failed: 
The `@app.function` decorator must apply to functions in global scope,
unless `serialized=True` is set.
If trying to apply additional decorators, they may need to use `functools.wraps`.
. Retrying in 60s...
[22:54:21] [RU] Checking epoch...
[22:54:21] [RU] epoch check failed: 
The `@app.function` decorator must apply to functions in global scope,
unless `serialized=True` is set.
If trying to apply additional decorators, they may need to use `functools.wraps`.
. Retrying in 60s...
[22:54:31] [BIL] Checking epoch...
[22:54:31] [BIL] epoch check failed: 
The `@app.function` decorator must apply to functions in global scope,
unless `serialized=True` is set.
If trying to apply additional decorators, they may need to use `functools.wraps`.
. Retrying in 60s...
[22:55:21] [RU] Checking epoch...
[22:55:21] [RU] epoch check failed: 
The `@app.function` decorator must apply to functions in global scope,
unless `serialized=True` is set.
If trying to apply additional decorators, they may need to use `functools.wraps`.
. Retrying in 60s...
[22:55:31] [BIL] Checking epoch...
[22:55:31] [BIL] epoch check failed: 
The `@app.function` decorator must apply to functions in global scope,
unless `serialized=True` is set.
If trying to apply additional decorators, they may need to use `functools.wraps`.
. Retrying in 60s...
[22:56:22] [RU] Checking epoch...
[22:56:22] [RU] epoch check failed: 
The `@app.function` decorator must apply to functions in global scope,
unless `serialized=True` is set.
If trying to apply additional decorators, they may need to use `functools.wraps`.
. Retrying in 60s...
[22:56:31] [BIL] Checking epoch...
[22:56:31] [BIL] epoch check failed: 
The `@app.function` decorator must apply to functions in global scope,
unless `serialized=True` is set.
If trying to apply additional decorators, they may need to use `functools.wraps`.
. Retrying in 60s...
[22:57:22] [RU] Checking epoch...
[22:57:22] [RU] epoch check failed: 
The `@app.function` decorator must apply to functions in global scope,
unless `serialized=True` is set.
If trying to apply additional decorators, they may need to use `functools.wraps`.
. Retrying in 60s...
[22:57:31] [BIL] Checking epoch...
[22:57:31] [BIL] epoch check failed: 
The `@app.function` decorator must apply to functions in global scope,
unless `serialized=True` is set.
If trying to apply additional decorators, they may need to use `functools.wraps`.
. Retrying in 60s...
[22:58:22] [RU] Checking epoch...
[22:58:22] [RU] epoch check failed: 
The `@app.function` decorator must apply to functions in global scope,
unless `serialized=True` is set.
If trying to apply additional decorators, they may need to use `functools.wraps`.
. Retrying in 60s...
[22:58:31] [BIL] Checking epoch...
[22:58:31] [BIL] epoch check failed: 
The `@app.function` decorator must apply to functions in global scope,
unless `serialized=True` is set.
If trying to apply additional decorators, they may need to use `functools.wraps`.
. Retrying in 60s...
[22:59:22] [RU] Checking epoch...
[22:59:22] [RU] epoch check failed: 
The `@app.function` decorator must apply to functions in global scope,
unless `serialized=True` is set.
If trying to apply additional decorators, they may need to use `functools.wraps`.
. Retrying in 60s...
[22:59:31] [BIL] Checking epoch...
[22:59:31] [BIL] epoch check failed: 
The `@app.function` decorator must apply to functions in global scope,
unless `serialized=True` is set.
If trying to apply additional decorators, they may need to use `functools.wraps`.
. Retrying in 60s...
[23:00:22] [RU] Checking epoch...
[23:00:22] [RU] epoch check failed: 
The `@app.function` decorator must apply to functions in global scope,
unless `serialized=True` is set.
If trying to apply additional decorators, they may need to use `functools.wraps`.
. Retrying in 60s...
[23:00:31] [BIL] Checking epoch...
[23:00:31] [BIL] epoch check failed: 
The `@app.function` decorator must apply to functions in global scope,
unless `serialized=True` is set.
If trying to apply additional decorators, they may need to use `functools.wraps`.
. Retrying in 60s...
[23:01:22] [RU] Checking epoch...
[23:01:22] [RU] epoch check failed: 
The `@app.function` decorator must apply to functions in global scope,
unless `serialized=True` is set.
If trying to apply additional decorators, they may need to use `functools.wraps`.
. Retrying in 60s...
[23:01:31] [BIL] Checking epoch...
[23:01:31] [BIL] epoch check failed: 
The `@app.function` decorator must apply to functions in global scope,
unless `serialized=True` is set.
If trying to apply additional decorators, they may need to use `functools.wraps`.
. Retrying in 60s...
[23:02:22] [RU] Checking epoch...
[23:02:22] [RU] epoch check failed: 
The `@app.function` decorator must apply to functions in global scope,
unless `serialized=True` is set.
If trying to apply additional decorators, they may need to use `functools.wraps`.
. Retrying in 60s...
[23:02:31] [BIL] Checking epoch...
[23:02:31] [BIL] epoch check failed: 
The `@app.function` decorator must apply to functions in global scope,
unless `serialized=True` is set.
If trying to apply additional decorators, they may need to use `functools.wraps`.
. Retrying in 60s...
[23:03:22] [RU] Checking epoch...
[23:03:22] [RU] epoch check failed: 
The `@app.function` decorator must apply to functions in global scope,
unless `serialized=True` is set.
If trying to apply additional decorators, they may need to use `functools.wraps`.
. Retrying in 60s...
[23:03:31] [BIL] Checking epoch...
[23:03:31] [BIL] epoch check failed: 
The `@app.function` decorator must apply to functions in global scope,
unless `serialized=True` is set.
If trying to apply additional decorators, they may need to use `functools.wraps`.
. Retrying in 60s...
[23:04:22] [RU] Checking epoch...
[23:04:22] [RU] epoch check failed: 
The `@app.function` decorator must apply to functions in global scope,
unless `serialized=True` is set.
If trying to apply additional decorators, they may need to use `functools.wraps`.
. Retrying in 60s...
[23:04:31] [BIL] Checking epoch...
[23:04:31] [BIL] epoch check failed: 
The `@app.function` decorator must apply to functions in global scope,
unless `serialized=True` is set.
If trying to apply additional decorators, they may need to use `functools.wraps`.
. Retrying in 60s...
[23:05:22] [RU] Checking epoch...
[23:05:22] [RU] epoch check failed: 
The `@app.function` decorator must apply to functions in global scope,
unless `serialized=True` is set.
If trying to apply additional decorators, they may need to use `functools.wraps`.
. Retrying in 60s...
[23:05:31] [BIL] Checking epoch...
[23:05:31] [BIL] epoch check failed: 
The `@app.function` decorator must apply to functions in global scope,
unless `serialized=True` is set.
If trying to apply additional decorators, they may need to use `functools.wraps`.
. Retrying in 60s...
[23:06:22] [RU] Checking epoch...
[23:06:22] [RU] epoch check failed: 
The `@app.function` decorator must apply to functions in global scope,
unless `serialized=True` is set.
If trying to apply additional decorators, they may need to use `functools.wraps`.
. Retrying in 60s...
[23:06:31] [BIL] Checking epoch...
[23:06:31] [BIL] epoch check failed: 
The `@app.function` decorator must apply to functions in global scope,
unless `serialized=True` is set.
If trying to apply additional decorators, they may need to use `functools.wraps`.
. Retrying in 60s...
[23:07:22] [RU] Checking epoch...
[23:07:22] [RU] epoch check failed: 
The `@app.function` decorator must apply to functions in global scope,
unless `serialized=True` is set.
If trying to apply additional decorators, they may need to use `functools.wraps`.
. Retrying in 60s...
[23:07:31] [BIL] Checking epoch...
[23:07:31] [BIL] epoch check failed: 
The `@app.function` decorator must apply to functions in global scope,
unless `serialized=True` is set.
If trying to apply additional decorators, they may need to use `functools.wraps`.
. Retrying in 60s...
[23:08:22] [RU] Checking epoch...
[23:08:22] [RU] epoch check failed: 
The `@app.function` decorator must apply to functions in global scope,
unless `serialized=True` is set.
If trying to apply additional decorators, they may need to use `functools.wraps`.
. Retrying in 60s...
[23:08:32] [BIL] Checking epoch...
[23:08:32] [BIL] epoch check failed: 
The `@app.function` decorator must apply to functions in global scope,
unless `serialized=True` is set.
If trying to apply additional decorators, they may need to use `functools.wraps`.
. Retrying in 60s...
[23:09:22] [RU] Checking epoch...
[23:09:22] [RU] epoch check failed: 
The `@app.function` decorator must apply to functions in global scope,
unless `serialized=True` is set.
If trying to apply additional decorators, they may need to use `functools.wraps`.
. Retrying in 60s...
[23:09:32] [BIL] Checking epoch...
[23:09:32] [BIL] epoch check failed: 
The `@app.function` decorator must apply to functions in global scope,
unless `serialized=True` is set.
If trying to apply additional decorators, they may need to use `functools.wraps`.
. Retrying in 60s...
[23:10:22] [RU] Checking epoch...
[23:10:22] [RU] epoch check failed: 
The `@app.function` decorator must apply to functions in global scope,
unless `serialized=True` is set.
If trying to apply additional decorators, they may need to use `functools.wraps`.
. Retrying in 60s...
[23:10:32] [BIL] Checking epoch...
[23:10:32] [BIL] epoch check failed: 
The `@app.function` decorator must apply to functions in global scope,
unless `serialized=True` is set.
If trying to apply additional decorators, they may need to use `functools.wraps`.
. Retrying in 60s...
[23:11:22] [RU] Checking epoch...
[23:11:22] [RU] epoch check failed: 
The `@app.function` decorator must apply to functions in global scope,
unless `serialized=True` is set.
If trying to apply additional decorators, they may need to use `functools.wraps`.
. Retrying in 60s...
[23:11:32] [BIL] Checking epoch...
[23:11:32] [BIL] epoch check failed: 
The `@app.function` decorator must apply to functions in global scope,
unless `serialized=True` is set.
If trying to apply additional decorators, they may need to use `functools.wraps`.
. Retrying in 60s...
[23:12:23] [RU] Checking epoch...
[23:12:23] [RU] epoch check failed: 
The `@app.function` decorator must apply to functions in global scope,
unless `serialized=True` is set.
If trying to apply additional decorators, they may need to use `functools.wraps`.
. Retrying in 60s...
[23:12:32] [BIL] Checking epoch...
[23:12:32] [BIL] epoch check failed: 
The `@app.function` decorator must apply to functions in global scope,
unless `serialized=True` is set.
If trying to apply additional decorators, they may need to use `functools.wraps`.
. Retrying in 60s...
[23:13:23] [RU] Checking epoch...
[23:13:23] [RU] epoch check failed: 
The `@app.function` decorator must apply to functions in global scope,
unless `serialized=True` is set.
If trying to apply additional decorators, they may need to use `functools.wraps`.
. Retrying in 60s...
[23:13:32] [BIL] Checking epoch...
[23:13:32] [BIL] epoch check failed: 
The `@app.function` decorator must apply to functions in global scope,
unless `serialized=True` is set.
If trying to apply additional decorators, they may need to use `functools.wraps`.
. Retrying in 60s...
[23:14:23] [RU] Checking epoch...
[23:14:23] [RU] epoch check failed: 
The `@app.function` decorator must apply to functions in global scope,
unless `serialized=True` is set.
If trying to apply additional decorators, they may need to use `functools.wraps`.
. Retrying in 60s...
[23:14:32] [BIL] Checking epoch...
[23:14:32] [BIL] epoch check failed: 
The `@app.function` decorator must apply to functions in global scope,
unless `serialized=True` is set.
If trying to apply additional decorators, they may need to use `functools.wraps`.
. Retrying in 60s...
[23:15:23] [RU] Checking epoch...
[23:15:23] [RU] epoch check failed: 
The `@app.function` decorator must apply to functions in global scope,
unless `serialized=True` is set.
If trying to apply additional decorators, they may need to use `functools.wraps`.
. Retrying in 60s...
[23:15:32] [BIL] Checking epoch...
[23:15:32] [BIL] epoch check failed: 
The `@app.function` decorator must apply to functions in global scope,
unless `serialized=True` is set.
If trying to apply additional decorators, they may need to use `functools.wraps`.
. Retrying in 60s...
[23:16:23] [RU] Checking epoch...
[23:16:23] [RU] epoch check failed: 
The `@app.function` decorator must apply to functions in global scope,
unless `serialized=True` is set.
If trying to apply additional decorators, they may need to use `functools.wraps`.
. Retrying in 60s...
[23:16:32] [BIL] Checking epoch...
[23:16:32] [BIL] epoch check failed: 
The `@app.function` decorator must apply to functions in global scope,
unless `serialized=True` is set.
If trying to apply additional decorators, they may need to use `functools.wraps`.
. Retrying in 60s...
[23:17:23] [RU] Checking epoch...
[23:17:23] [RU] epoch check failed: 
The `@app.function` decorator must apply to functions in global scope,
unless `serialized=True` is set.
If trying to apply additional decorators, they may need to use `functools.wraps`.
. Retrying in 60s...
[23:17:32] [BIL] Checking epoch...
[23:17:32] [BIL] epoch check failed: 
The `@app.function` decorator must apply to functions in global scope,
unless `serialized=True` is set.
If trying to apply additional decorators, they may need to use `functools.wraps`.
. Retrying in 60s...
[23:18:23] [RU] Checking epoch...
[23:18:23] [RU] epoch check failed: 
The `@app.function` decorator must apply to functions in global scope,
unless `serialized=True` is set.
If trying to apply additional decorators, they may need to use `functools.wraps`.
. Retrying in 60s...
[23:18:32] [BIL] Checking epoch...
[23:18:32] [BIL] epoch check failed: 
The `@app.function` decorator must apply to functions in global scope,
unless `serialized=True` is set.
If trying to apply additional decorators, they may need to use `functools.wraps`.
. Retrying in 60s...
[23:19:23] [RU] Checking epoch...
[23:19:23] [RU] epoch check failed: 
The `@app.function` decorator must apply to functions in global scope,
unless `serialized=True` is set.
If trying to apply additional decorators, they may need to use `functools.wraps`.
. Retrying in 60s...
[23:19:32] [BIL] Checking epoch...
[23:19:32] [BIL] epoch check failed: 
The `@app.function` decorator must apply to functions in global scope,
unless `serialized=True` is set.
If trying to apply additional decorators, they may need to use `functools.wraps`.
. Retrying in 60s...
[23:20:23] [RU] Checking epoch...
[23:20:23] [RU] epoch check failed: 
The `@app.function` decorator must apply to functions in global scope,
unless `serialized=True` is set.
If trying to apply additional decorators, they may need to use `functools.wraps`.
. Retrying in 60s...
[23:20:32] [BIL] Checking epoch...
[23:20:32] [BIL] epoch check failed: 
The `@app.function` decorator must apply to functions in global scope,
unless `serialized=True` is set.
If trying to apply additional decorators, they may need to use `functools.wraps`.
. Retrying in 60s...
[23:21:23] [RU] Checking epoch...
[23:21:23] [RU] epoch check failed: 
The `@app.function` decorator must apply to functions in global scope,
unless `serialized=True` is set.
If trying to apply additional decorators, they may need to use `functools.wraps`.
. Retrying in 60s...
[23:21:32] [BIL] Checking epoch...
[23:21:32] [BIL] epoch check failed: 
The `@app.function` decorator must apply to functions in global scope,
unless `serialized=True` is set.
If trying to apply additional decorators, they may need to use `functools.wraps`.
. Retrying in 60s...
[23:22:23] [RU] Checking epoch...
[23:22:23] [RU] epoch check failed: 
The `@app.function` decorator must apply to functions in global scope,
unless `serialized=True` is set.
If trying to apply additional decorators, they may need to use `functools.wraps`.
. Retrying in 60s...
[23:22:32] [BIL] Checking epoch...
[23:22:32] [BIL] epoch check failed: 
The `@app.function` decorator must apply to functions in global scope,
unless `serialized=True` is set.
If trying to apply additional decorators, they may need to use `functools.wraps`.
. Retrying in 60s...
[23:23:23] [RU] Checking epoch...
[23:23:23] [RU] epoch check failed: 
The `@app.function` decorator must apply to functions in global scope,
unless `serialized=True` is set.
If trying to apply additional decorators, they may need to use `functools.wraps`.
. Retrying in 60s...
[23:23:32] [BIL] Checking epoch...
[23:23:32] [BIL] epoch check failed: 
The `@app.function` decorator must apply to functions in global scope,
unless `serialized=True` is set.
If trying to apply additional decorators, they may need to use `functools.wraps`.
. Retrying in 60s...
[23:24:23] [RU] Checking epoch...
[23:24:23] [RU] epoch check failed: 
The `@app.function` decorator must apply to functions in global scope,
unless `serialized=True` is set.
If trying to apply additional decorators, they may need to use `functools.wraps`.
. Retrying in 60s...
[23:24:32] [BIL] Checking epoch...
[23:24:32] [BIL] epoch check failed: 
The `@app.function` decorator must apply to functions in global scope,
unless `serialized=True` is set.
If trying to apply additional decorators, they may need to use `functools.wraps`.
. Retrying in 60s...
[23:25:23] [RU] Checking epoch...
[23:25:23] [RU] epoch check failed: 
The `@app.function` decorator must apply to functions in global scope,
unless `serialized=True` is set.
If trying to apply additional decorators, they may need to use `functools.wraps`.
. Retrying in 60s...
[23:25:32] [BIL] Checking epoch...
[23:25:32] [BIL] epoch check failed: 
The `@app.function` decorator must apply to functions in global scope,
unless `serialized=True` is set.
If trying to apply additional decorators, they may need to use `functools.wraps`.
. Retrying in 60s...
[23:26:23] [RU] Checking epoch...
[23:26:23] [RU] epoch check failed: 
The `@app.function` decorator must apply to functions in global scope,
unless `serialized=True` is set.
If trying to apply additional decorators, they may need to use `functools.wraps`.
. Retrying in 60s...
[23:26:33] [BIL] Checking epoch...
[23:26:33] [BIL] epoch check failed: 
The `@app.function` decorator must apply to functions in global scope,
unless `serialized=True` is set.
If trying to apply additional decorators, they may need to use `functools.wraps`.
. Retrying in 60s...
[23:27:23] [RU] Checking epoch...
[23:27:23] [RU] epoch check failed: 
The `@app.function` decorator must apply to functions in global scope,
unless `serialized=True` is set.
If trying to apply additional decorators, they may need to use `functools.wraps`.
. Retrying in 60s...
[23:27:33] [BIL] Checking epoch...
[23:27:33] [BIL] epoch check failed: 
The `@app.function` decorator must apply to functions in global scope,
unless `serialized=True` is set.
If trying to apply additional decorators, they may need to use `functools.wraps`.
. Retrying in 60s...
[23:28:23] [RU] Checking epoch...
[23:28:23] [RU] epoch check failed: 
The `@app.function` decorator must apply to functions in global scope,
unless `serialized=True` is set.
If trying to apply additional decorators, they may need to use `functools.wraps`.
. Retrying in 60s...
[23:28:33] [BIL] Checking epoch...
[23:28:33] [BIL] epoch check failed: 
The `@app.function` decorator must apply to functions in global scope,
unless `serialized=True` is set.
If trying to apply additional decorators, they may need to use `functools.wraps`.
. Retrying in 60s...
[23:29:24] [RU] Checking epoch...
[23:29:24] [RU] epoch check failed: 
The `@app.function` decorator must apply to functions in global scope,
unless `serialized=True` is set.
If trying to apply additional decorators, they may need to use `functools.wraps`.
. Retrying in 60s...
[23:29:33] [BIL] Checking epoch...
[23:29:33] [BIL] epoch check failed: 
The `@app.function` decorator must apply to functions in global scope,
unless `serialized=True` is set.
If trying to apply additional decorators, they may need to use `functools.wraps`.
. Retrying in 60s...
[23:30:24] [RU] Checking epoch...
[23:30:24] [RU] epoch check failed: 
The `@app.function` decorator must apply to functions in global scope,
unless `serialized=True` is set.
If trying to apply additional decorators, they may need to use `functools.wraps`.
. Retrying in 60s...
[23:30:33] [BIL] Checking epoch...
[23:30:33] [BIL] epoch check failed: 
The `@app.function` decorator must apply to functions in global scope,
unless `serialized=True` is set.
If trying to apply additional decorators, they may need to use `functools.wraps`.
. Retrying in 60s...
[23:31:24] [RU] Checking epoch...
[23:31:24] [RU] epoch check failed: 
The `@app.function` decorator must apply to functions in global scope,
unless `serialized=True` is set.
If trying to apply additional decorators, they may need to use `functools.wraps`.
. Retrying in 60s...
[23:31:33] [BIL] Checking epoch...
[23:31:33] [BIL] epoch check failed: 
The `@app.function` decorator must apply to functions in global scope,
unless `serialized=True` is set.
If trying to apply additional decorators, they may need to use `functools.wraps`.
. Retrying in 60s...
[23:32:24] [RU] Checking epoch...
[23:32:24] [RU] epoch check failed: 
The `@app.function` decorator must apply to functions in global scope,
unless `serialized=True` is set.
If trying to apply additional decorators, they may need to use `functools.wraps`.
. Retrying in 60s...
[23:32:33] [BIL] Checking epoch...
[23:32:33] [BIL] epoch check failed: 
The `@app.function` decorator must apply to functions in global scope,
unless `serialized=True` is set.
If trying to apply additional decorators, they may need to use `functools.wraps`.
. Retrying in 60s...
[23:33:24] [RU] Checking epoch...
[23:33:24] [RU] epoch check failed: 
The `@app.function` decorator must apply to functions in global scope,
unless `serialized=True` is set.
If trying to apply additional decorators, they may need to use `functools.wraps`.
. Retrying in 60s...
[23:33:33] [BIL] Checking epoch...
[23:33:33] [BIL] epoch check failed: 
The `@app.function` decorator must apply to functions in global scope,
unless `serialized=True` is set.
If trying to apply additional decorators, they may need to use `functools.wraps`.
. Retrying in 60s...
[23:34:24] [RU] Checking epoch...
[23:34:24] [RU] epoch check failed: 
The `@app.function` decorator must apply to functions in global scope,
unless `serialized=True` is set.
If trying to apply additional decorators, they may need to use `functools.wraps`.
. Retrying in 60s...
[23:34:33] [BIL] Checking epoch...
[23:34:33] [BIL] epoch check failed: 
The `@app.function` decorator must apply to functions in global scope,
unless `serialized=True` is set.
If trying to apply additional decorators, they may need to use `functools.wraps`.
. Retrying in 60s...
[23:35:24] [RU] Checking epoch...
[23:35:24] [RU] epoch check failed: 
The `@app.function` decorator must apply to functions in global scope,
unless `serialized=True` is set.
If trying to apply additional decorators, they may need to use `functools.wraps`.
. Retrying in 60s...
[23:35:33] [BIL] Checking epoch...
[23:35:33] [BIL] epoch check failed: 
The `@app.function` decorator must apply to functions in global scope,
unless `serialized=True` is set.
If trying to apply additional decorators, they may need to use `functools.wraps`.
. Retrying in 60s...
[23:36:24] [RU] Checking epoch...
[23:36:24] [RU] epoch check failed: 
The `@app.function` decorator must apply to functions in global scope,
unless `serialized=True` is set.
If trying to apply additional decorators, they may need to use `functools.wraps`.
. Retrying in 60s...
[23:36:33] [BIL] Checking epoch...
[23:36:33] [BIL] epoch check failed: 
The `@app.function` decorator must apply to functions in global scope,
unless `serialized=True` is set.
If trying to apply additional decorators, they may need to use `functools.wraps`.
. Retrying in 60s...
[23:37:24] [RU] Checking epoch...
[23:37:24] [RU] epoch check failed: 
The `@app.function` decorator must apply to functions in global scope,
unless `serialized=True` is set.
If trying to apply additional decorators, they may need to use `functools.wraps`.
. Retrying in 60s...
[23:37:33] [BIL] Checking epoch...
[23:37:33] [BIL] epoch check failed: 
The `@app.function` decorator must apply to functions in global scope,
unless `serialized=True` is set.
If trying to apply additional decorators, they may need to use `functools.wraps`.
. Retrying in 60s...
[23:38:24] [RU] Checking epoch...
[23:38:24] [RU] epoch check failed: 
The `@app.function` decorator must apply to functions in global scope,
unless `serialized=True` is set.
If trying to apply additional decorators, they may need to use `functools.wraps`.
. Retrying in 60s...
[23:38:33] [BIL] Checking epoch...
[23:38:33] [BIL] epoch check failed: 
The `@app.function` decorator must apply to functions in global scope,
unless `serialized=True` is set.
If trying to apply additional decorators, they may need to use `functools.wraps`.
. Retrying in 60s...
[23:39:24] [RU] Checking epoch...
[23:39:24] [RU] epoch check failed: 
The `@app.function` decorator must apply to functions in global scope,
unless `serialized=True` is set.
If trying to apply additional decorators, they may need to use `functools.wraps`.
. Retrying in 60s...
[23:39:33] [BIL] Checking epoch...
[23:39:33] [BIL] epoch check failed: 
The `@app.function` decorator must apply to functions in global scope,
unless `serialized=True` is set.
If trying to apply additional decorators, they may need to use `functools.wraps`.
. Retrying in 60s...
[23:40:24] [RU] Checking epoch...
[23:40:24] [RU] epoch check failed: 
The `@app.function` decorator must apply to functions in global scope,
unless `serialized=True` is set.
If trying to apply additional decorators, they may need to use `functools.wraps`.
. Retrying in 60s...
[23:40:33] [BIL] Checking epoch...
[23:40:33] [BIL] epoch check failed: 
The `@app.function` decorator must apply to functions in global scope,
unless `serialized=True` is set.
If trying to apply additional decorators, they may need to use `functools.wraps`.
. Retrying in 60s...
[23:41:24] [RU] Checking epoch...
[23:41:24] [RU] epoch check failed: 
The `@app.function` decorator must apply to functions in global scope,
unless `serialized=True` is set.
If trying to apply additional decorators, they may need to use `functools.wraps`.
. Retrying in 60s...
[23:41:33] [BIL] Checking epoch...
[23:41:33] [BIL] epoch check failed: 
The `@app.function` decorator must apply to functions in global scope,
unless `serialized=True` is set.
If trying to apply additional decorators, they may need to use `functools.wraps`.
. Retrying in 60s...
[23:42:24] [RU] Checking epoch...
[23:42:24] [RU] epoch check failed: 
The `@app.function` decorator must apply to functions in global scope,
unless `serialized=True` is set.
If trying to apply additional decorators, they may need to use `functools.wraps`.
. Retrying in 60s...
[23:42:33] [BIL] Checking epoch...
[23:42:33] [BIL] epoch check failed: 
The `@app.function` decorator must apply to functions in global scope,
unless `serialized=True` is set.
If trying to apply additional decorators, they may need to use `functools.wraps`.
. Retrying in 60s...
[23:43:24] [RU] Checking epoch...
[23:43:24] [RU] epoch check failed: 
The `@app.function` decorator must apply to functions in global scope,
unless `serialized=True` is set.
If trying to apply additional decorators, they may need to use `functools.wraps`.
. Retrying in 60s...
[23:43:33] [BIL] Checking epoch...
[23:43:33] [BIL] epoch check failed: 
The `@app.function` decorator must apply to functions in global scope,
unless `serialized=True` is set.
If trying to apply additional decorators, they may need to use `functools.wraps`.
. Retrying in 60s...
[23:44:24] [RU] Checking epoch...
[23:44:24] [RU] epoch check failed: 
The `@app.function` decorator must apply to functions in global scope,
unless `serialized=True` is set.
If trying to apply additional decorators, they may need to use `functools.wraps`.
. Retrying in 60s...
[23:44:33] [BIL] Checking epoch...
[23:44:33] [BIL] epoch check failed: 
The `@app.function` decorator must apply to functions in global scope,
unless `serialized=True` is set.
If trying to apply additional decorators, they may need to use `functools.wraps`.
. Retrying in 60s...
[23:45:24] [RU] Checking epoch...
[23:45:24] [RU] epoch check failed: 
The `@app.function` decorator must apply to functions in global scope,
unless `serialized=True` is set.
If trying to apply additional decorators, they may need to use `functools.wraps`.
. Retrying in 60s...
[23:45:33] [BIL] Checking epoch...
[23:45:33] [BIL] epoch check failed: 
The `@app.function` decorator must apply to functions in global scope,
unless `serialized=True` is set.
If trying to apply additional decorators, they may need to use `functools.wraps`.
. Retrying in 60s...
[23:46:24] [RU] Checking epoch...
[23:46:24] [RU] epoch check failed: 
The `@app.function` decorator must apply to functions in global scope,
unless `serialized=True` is set.
If trying to apply additional decorators, they may need to use `functools.wraps`.
. Retrying in 60s...
[23:46:34] [BIL] Checking epoch...
[23:46:34] [BIL] epoch check failed: 
The `@app.function` decorator must apply to functions in global scope,
unless `serialized=True` is set.
If trying to apply additional decorators, they may need to use `functools.wraps`.
. Retrying in 60s...
[23:47:25] [RU] Checking epoch...
[23:47:25] [RU] epoch check failed: 
The `@app.function` decorator must apply to functions in global scope,
unless `serialized=True` is set.
If trying to apply additional decorators, they may need to use `functools.wraps`.
. Retrying in 60s...
[23:47:34] [BIL] Checking epoch...
[23:47:34] [BIL] epoch check failed: 
The `@app.function` decorator must apply to functions in global scope,
unless `serialized=True` is set.
If trying to apply additional decorators, they may need to use `functools.wraps`.
. Retrying in 60s...
[23:48:25] [RU] Checking epoch...
[23:48:25] [RU] epoch check failed: 
The `@app.function` decorator must apply to functions in global scope,
unless `serialized=True` is set.
If trying to apply additional decorators, they may need to use `functools.wraps`.
. Retrying in 60s...
[23:48:34] [BIL] Checking epoch...
[23:48:34] [BIL] epoch check failed: 
The `@app.function` decorator must apply to functions in global scope,
unless `serialized=True` is set.
If trying to apply additional decorators, they may need to use `functools.wraps`.
. Retrying in 60s...
[23:49:25] [RU] Checking epoch...
[23:49:25] [RU] epoch check failed: 
The `@app.function` decorator must apply to functions in global scope,
unless `serialized=True` is set.
If trying to apply additional decorators, they may need to use `functools.wraps`.
. Retrying in 60s...
[23:49:34] [BIL] Checking epoch...
[23:49:34] [BIL] epoch check failed: 
The `@app.function` decorator must apply to functions in global scope,
unless `serialized=True` is set.
If trying to apply additional decorators, they may need to use `functools.wraps`.
. Retrying in 60s...
[23:50:25] [RU] Checking epoch...
[23:50:25] [RU] epoch check failed: 
The `@app.function` decorator must apply to functions in global scope,
unless `serialized=True` is set.
If trying to apply additional decorators, they may need to use `functools.wraps`.
. Retrying in 60s...
